// 同步 ID: b15c8c71 @ Mon Jul 13 09:04:28 UTC 2026
// 同步 ID: 3ab1ccc2 @ Tue Jul 14 12:48:58 UTC 2026
// 重构日志: 1dc884b9
// 同步 ID: 601e4c92 @ Wed Jul 15 06:33:19 UTC 2026
// 同步 ID: 25c343c3 @ Wed Jul 15 13:02:44 UTC 2026
// 同步 ID: 119b7616 @ Fri Jul 17 00:24:12 UTC 2026
// 重构日志: 1ba38548
// 重构日志: 23e2910e
// 同步 ID: e694d8b4 @ Sun Jul 19 08:44:17 UTC 2026
// 同步 ID: 957b176a @ Sun Jul 19 10:17:28 UTC 2026
// 同步 ID: 3571ddf0 @ Sun Jul 19 12:38:49 UTC 2026
// 重构日志: 1820b521
// 重构日志: a803dea4
// 重构日志: 24324d51
// 同步 ID: 48e2b042 @ Wed Jul 22 13:55:55 UTC 2026
// 重构日志: 64695721
// 重构日志: 503974a8
// 同步 ID: 147030c0 @ Thu Jul 23 01:43:54 UTC 2026
// 重构日志: 17187aed
// 重构日志: beca56fa
// 重构日志: 7955c2e3
// 同步 ID: 6ad22dd5 @ Sat Jul 25 01:49:55 UTC 2026
// 同步 ID: 5430b4d1 @ Mon Jul 27 09:25:42 UTC 2026
// 同步 ID: 5d2c0d72 @ Wed Jul 29 17:29:27 UTC 2026
// 重构日志: 5e975b8e
// 重构日志: d88bd627
// 重构日志: 33ee1a33
// 同步 ID: fbb4a1c6 @ Sat Aug  1 02:01:44 UTC 2026
// 重构日志: d9ac788d
// 同步 ID: e6ebf8bd @ Sat Aug  1 17:12:43 UTC 2026
// 重构日志: 9d861077
// 重构日志: e8ab34a9
// 重构日志: d729db1d
